ERROR - 2026-09-21 19:35:18 --> Error connecting to the database: CodeIgniter\Database\Exceptions\DatabaseException: [Microsoft][ODBC Driver 18 for SQL Server]Login timeout expired SQLSTATE: HYT00, code: 0
[Microsoft][ODBC Driver 18 for SQL Server]TCP Provider: Error code 0x2749 SQLSTATE: 08001, code: 10057
[Microsoft][ODBC Driver 18 for SQL Server]A network-related or instance-specific error has occurred while establishing a connection to localhost, 1433. Server is not found or not accessible. Check if instance name is correct and if SQL Server is configured to allow remote connections. For more information see SQL Server Books Online. SQLSTATE: 08001, code: 10057 in /var/www/tickets-codeigniter4/vendor/codeigniter4/framework/system/Database/SQLSRV/Connection.php:145
Stack trace:
#0 /var/www/tickets-codeigniter4/vendor/codeigniter4/framework/system/Database/BaseConnection.php(555): CodeIgniter\Database\SQLSRV\Connection->connect()
#1 /var/www/tickets-codeigniter4/vendor/codeigniter4/framework/system/Database/BaseConnection.php(795): CodeIgniter\Database\BaseConnection->initialize()
#2 /var/www/tickets-codeigniter4/vendor/codeigniter4/framework/system/Database/SQLSRV/Builder.php(658): CodeIgniter\Database\BaseConnection->query()
#3 /var/www/tickets-codeigniter4/vendor/codeigniter4/framework/system/Model.php(194): CodeIgniter\Database\SQLSRV\Builder->get()
#4 /var/www/tickets-codeigniter4/vendor/codeigniter4/framework/system/BaseModel.php(615): CodeIgniter\Model->doFind()
#5 /var/www/tickets-codeigniter4/app/Controllers/Api/BaseApiController.php(47): CodeIgniter\BaseModel->find()
#6 /var/www/tickets-codeigniter4/vendor/codeigniter4/framework/system/CodeIgniter.php(974): App\Controllers\Api\BaseApiController->show()
#7 /var/www/tickets-codeigniter4/vendor/codeigniter4/framework/system/CodeIgniter.php(520): CodeIgniter\CodeIgniter->runController()
#8 /var/www/tickets-codeigniter4/vendor/codeigniter4/framework/system/CodeIgniter.php(363): CodeIgniter\CodeIgniter->handleRequest()
#9 /var/www/tickets-codeigniter4/vendor/codeigniter4/framework/system/Boot.php(417): CodeIgniter\CodeIgniter->run()
#10 /var/www/tickets-codeigniter4/vendor/codeigniter4/framework/system/Boot.php(68): CodeIgniter\Boot::runCodeIgniter()
#11 /var/www/tickets-codeigniter4/public/index.php(59): CodeIgniter\Boot::bootWeb()
#12 {main}
CRITICAL - 2026-09-21 19:35:18 --> CodeIgniter\Database\Exceptions\DatabaseException: Unable to connect to the database.
Main connection [SQLSRV]: [Microsoft][ODBC Driver 18 for SQL Server]Login timeout expired SQLSTATE: HYT00, code: 0
[Microsoft][ODBC Driver 18 for SQL Server]TCP Provider: Error code 0x2749 SQLSTATE: 08001, code: 10057
[Microsoft][ODBC Driver 18 for SQL Server]A network-related or instance-specific error has occurred while establishing a connection to localhost, 1433. Server is not found or not accessible. Check if instance name is correct and if SQL Server is configured to allow remote connections. For more information see SQL Server Books Online. SQLSTATE: 08001, code: 10057
[Method: GET, Route: api/subcategories/category]
in SYSTEMPATH/Database/BaseConnection.php on line 606.
 1 SYSTEMPATH/Database/BaseConnection.php(795): CodeIgniter\Database\BaseConnection->initialize()
 2 SYSTEMPATH/Database/SQLSRV/Builder.php(658): CodeIgniter\Database\BaseConnection->query()
 3 SYSTEMPATH/Model.php(194): CodeIgniter\Database\SQLSRV\Builder->get()
 4 SYSTEMPATH/BaseModel.php(615): CodeIgniter\Model->doFind()
 5 APPPATH/Controllers/Api/BaseApiController.php(47): CodeIgniter\BaseModel->find()
 6 SYSTEMPATH/CodeIgniter.php(974): App\Controllers\Api\BaseApiController->show()
 7 SYSTEMPATH/CodeIgniter.php(520): CodeIgniter\CodeIgniter->runController()
 8 SYSTEMPATH/CodeIgniter.php(363): CodeIgniter\CodeIgniter->handleRequest()
 9 SYSTEMPATH/Boot.php(417): CodeIgniter\CodeIgniter->run()
10 SYSTEMPATH/Boot.php(68): CodeIgniter\Boot::runCodeIgniter()
11 FCPATH/index.php(59): CodeIgniter\Boot::bootWeb()
ERROR - 2026-09-21 19:35:31 --> Error connecting to the database: CodeIgniter\Database\Exceptions\DatabaseException: [Microsoft][ODBC Driver 18 for SQL Server]Login timeout expired SQLSTATE: HYT00, code: 0
[Microsoft][ODBC Driver 18 for SQL Server]TCP Provider: Error code 0x2749 SQLSTATE: 08001, code: 10057
[Microsoft][ODBC Driver 18 for SQL Server]A network-related or instance-specific error has occurred while establishing a connection to localhost, 1433. Server is not found or not accessible. Check if instance name is correct and if SQL Server is configured to allow remote connections. For more information see SQL Server Books Online. SQLSTATE: 08001, code: 10057 in /var/www/tickets-codeigniter4/vendor/codeigniter4/framework/system/Database/SQLSRV/Connection.php:145
Stack trace:
#0 /var/www/tickets-codeigniter4/vendor/codeigniter4/framework/system/Database/BaseConnection.php(555): CodeIgniter\Database\SQLSRV\Connection->connect()
#1 /var/www/tickets-codeigniter4/vendor/codeigniter4/framework/system/Database/BaseConnection.php(795): CodeIgniter\Database\BaseConnection->initialize()
#2 /var/www/tickets-codeigniter4/vendor/codeigniter4/framework/system/Database/SQLSRV/Builder.php(658): CodeIgniter\Database\BaseConnection->query()
#3 /var/www/tickets-codeigniter4/vendor/codeigniter4/framework/system/Model.php(255): CodeIgniter\Database\SQLSRV\Builder->get()
#4 /var/www/tickets-codeigniter4/vendor/codeigniter4/framework/system/BaseModel.php(676): CodeIgniter\Model->doFindAll()
#5 /var/www/tickets-codeigniter4/app/Controllers/Api/SubCategoryController.php(18): CodeIgniter\BaseModel->findAll()
#6 /var/www/tickets-codeigniter4/vendor/codeigniter4/framework/system/CodeIgniter.php(974): App\Controllers\Api\SubCategoryController->byCategory()
#7 /var/www/tickets-codeigniter4/vendor/codeigniter4/framework/system/CodeIgniter.php(520): CodeIgniter\CodeIgniter->runController()
#8 /var/www/tickets-codeigniter4/vendor/codeigniter4/framework/system/CodeIgniter.php(363): CodeIgniter\CodeIgniter->handleRequest()
#9 /var/www/tickets-codeigniter4/vendor/codeigniter4/framework/system/Boot.php(417): CodeIgniter\CodeIgniter->run()
#10 /var/www/tickets-codeigniter4/vendor/codeigniter4/framework/system/Boot.php(68): CodeIgniter\Boot::runCodeIgniter()
#11 /var/www/tickets-codeigniter4/public/index.php(59): CodeIgniter\Boot::bootWeb()
#12 {main}
CRITICAL - 2026-09-21 19:35:31 --> CodeIgniter\Database\Exceptions\DatabaseException: Unable to connect to the database.
Main connection [SQLSRV]: [Microsoft][ODBC Driver 18 for SQL Server]Login timeout expired SQLSTATE: HYT00, code: 0
[Microsoft][ODBC Driver 18 for SQL Server]TCP Provider: Error code 0x2749 SQLSTATE: 08001, code: 10057
[Microsoft][ODBC Driver 18 for SQL Server]A network-related or instance-specific error has occurred while establishing a connection to localhost, 1433. Server is not found or not accessible. Check if instance name is correct and if SQL Server is configured to allow remote connections. For more information see SQL Server Books Online. SQLSTATE: 08001, code: 10057
[Method: GET, Route: api/subcategories/category/1]
in SYSTEMPATH/Database/BaseConnection.php on line 606.
 1 SYSTEMPATH/Database/BaseConnection.php(795): CodeIgniter\Database\BaseConnection->initialize()
 2 SYSTEMPATH/Database/SQLSRV/Builder.php(658): CodeIgniter\Database\BaseConnection->query()
 3 SYSTEMPATH/Model.php(255): CodeIgniter\Database\SQLSRV\Builder->get()
 4 SYSTEMPATH/BaseModel.php(676): CodeIgniter\Model->doFindAll()
 5 APPPATH/Controllers/Api/SubCategoryController.php(18): CodeIgniter\BaseModel->findAll()
 6 SYSTEMPATH/CodeIgniter.php(974): App\Controllers\Api\SubCategoryController->byCategory()
 7 SYSTEMPATH/CodeIgniter.php(520): CodeIgniter\CodeIgniter->runController()
 8 SYSTEMPATH/CodeIgniter.php(363): CodeIgniter\CodeIgniter->handleRequest()
 9 SYSTEMPATH/Boot.php(417): CodeIgniter\CodeIgniter->run()
10 SYSTEMPATH/Boot.php(68): CodeIgniter\Boot::runCodeIgniter()
11 FCPATH/index.php(59): CodeIgniter\Boot::bootWeb()
ERROR - 2026-09-21 19:35:34 --> Error connecting to the database: CodeIgniter\Database\Exceptions\DatabaseException: [Microsoft][ODBC Driver 18 for SQL Server]Login timeout expired SQLSTATE: HYT00, code: 0
[Microsoft][ODBC Driver 18 for SQL Server]TCP Provider: Error code 0x2749 SQLSTATE: 08001, code: 10057
[Microsoft][ODBC Driver 18 for SQL Server]A network-related or instance-specific error has occurred while establishing a connection to localhost, 1433. Server is not found or not accessible. Check if instance name is correct and if SQL Server is configured to allow remote connections. For more information see SQL Server Books Online. SQLSTATE: 08001, code: 10057 in /var/www/tickets-codeigniter4/vendor/codeigniter4/framework/system/Database/SQLSRV/Connection.php:145
Stack trace:
#0 /var/www/tickets-codeigniter4/vendor/codeigniter4/framework/system/Database/BaseConnection.php(555): CodeIgniter\Database\SQLSRV\Connection->connect()
#1 /var/www/tickets-codeigniter4/vendor/codeigniter4/framework/system/Database/BaseConnection.php(795): CodeIgniter\Database\BaseConnection->initialize()
#2 /var/www/tickets-codeigniter4/vendor/codeigniter4/framework/system/Database/SQLSRV/Builder.php(658): CodeIgniter\Database\BaseConnection->query()
#3 /var/www/tickets-codeigniter4/vendor/codeigniter4/framework/system/Model.php(255): CodeIgniter\Database\SQLSRV\Builder->get()
#4 /var/www/tickets-codeigniter4/vendor/codeigniter4/framework/system/BaseModel.php(676): CodeIgniter\Model->doFindAll()
#5 /var/www/tickets-codeigniter4/app/Controllers/Api/SubCategoryController.php(18): CodeIgniter\BaseModel->findAll()
#6 /var/www/tickets-codeigniter4/vendor/codeigniter4/framework/system/CodeIgniter.php(974): App\Controllers\Api\SubCategoryController->byCategory()
#7 /var/www/tickets-codeigniter4/vendor/codeigniter4/framework/system/CodeIgniter.php(520): CodeIgniter\CodeIgniter->runController()
#8 /var/www/tickets-codeigniter4/vendor/codeigniter4/framework/system/CodeIgniter.php(363): CodeIgniter\CodeIgniter->handleRequest()
#9 /var/www/tickets-codeigniter4/vendor/codeigniter4/framework/system/Boot.php(417): CodeIgniter\CodeIgniter->run()
#10 /var/www/tickets-codeigniter4/vendor/codeigniter4/framework/system/Boot.php(68): CodeIgniter\Boot::runCodeIgniter()
#11 /var/www/tickets-codeigniter4/public/index.php(59): CodeIgniter\Boot::bootWeb()
#12 {main}
CRITICAL - 2026-09-21 19:35:34 --> CodeIgniter\Database\Exceptions\DatabaseException: Unable to connect to the database.
Main connection [SQLSRV]: [Microsoft][ODBC Driver 18 for SQL Server]Login timeout expired SQLSTATE: HYT00, code: 0
[Microsoft][ODBC Driver 18 for SQL Server]TCP Provider: Error code 0x2749 SQLSTATE: 08001, code: 10057
[Microsoft][ODBC Driver 18 for SQL Server]A network-related or instance-specific error has occurred while establishing a connection to localhost, 1433. Server is not found or not accessible. Check if instance name is correct and if SQL Server is configured to allow remote connections. For more information see SQL Server Books Online. SQLSTATE: 08001, code: 10057
[Method: GET, Route: api/subcategories/category/1]
in SYSTEMPATH/Database/BaseConnection.php on line 606.
 1 SYSTEMPATH/Database/BaseConnection.php(795): CodeIgniter\Database\BaseConnection->initialize()
 2 SYSTEMPATH/Database/SQLSRV/Builder.php(658): CodeIgniter\Database\BaseConnection->query()
 3 SYSTEMPATH/Model.php(255): CodeIgniter\Database\SQLSRV\Builder->get()
 4 SYSTEMPATH/BaseModel.php(676): CodeIgniter\Model->doFindAll()
 5 APPPATH/Controllers/Api/SubCategoryController.php(18): CodeIgniter\BaseModel->findAll()
 6 SYSTEMPATH/CodeIgniter.php(974): App\Controllers\Api\SubCategoryController->byCategory()
 7 SYSTEMPATH/CodeIgniter.php(520): CodeIgniter\CodeIgniter->runController()
 8 SYSTEMPATH/CodeIgniter.php(363): CodeIgniter\CodeIgniter->handleRequest()
 9 SYSTEMPATH/Boot.php(417): CodeIgniter\CodeIgniter->run()
10 SYSTEMPATH/Boot.php(68): CodeIgniter\Boot::runCodeIgniter()
11 FCPATH/index.php(59): CodeIgniter\Boot::bootWeb()
ERROR - 2026-09-21 19:39:03 --> Error connecting to the database: CodeIgniter\Database\Exceptions\DatabaseException: [Microsoft][ODBC Driver 18 for SQL Server]SSL Provider: [error:0A000102:SSL routines::unsupported protocol] SQLSTATE: 08001, code: -1
[Microsoft][ODBC Driver 18 for SQL Server]Client unable to establish connection SQLSTATE: 08001, code: -1 in /var/www/tickets-codeigniter4/vendor/codeigniter4/framework/system/Database/SQLSRV/Connection.php:145
Stack trace:
#0 /var/www/tickets-codeigniter4/vendor/codeigniter4/framework/system/Database/BaseConnection.php(555): CodeIgniter\Database\SQLSRV\Connection->connect()
#1 /var/www/tickets-codeigniter4/vendor/codeigniter4/framework/system/Database/BaseConnection.php(795): CodeIgniter\Database\BaseConnection->initialize()
#2 /var/www/tickets-codeigniter4/vendor/codeigniter4/framework/system/Database/SQLSRV/Builder.php(658): CodeIgniter\Database\BaseConnection->query()
#3 /var/www/tickets-codeigniter4/vendor/codeigniter4/framework/system/Model.php(255): CodeIgniter\Database\SQLSRV\Builder->get()
#4 /var/www/tickets-codeigniter4/vendor/codeigniter4/framework/system/BaseModel.php(676): CodeIgniter\Model->doFindAll()
#5 /var/www/tickets-codeigniter4/app/Controllers/Api/SubCategoryController.php(18): CodeIgniter\BaseModel->findAll()
#6 /var/www/tickets-codeigniter4/vendor/codeigniter4/framework/system/CodeIgniter.php(974): App\Controllers\Api\SubCategoryController->byCategory()
#7 /var/www/tickets-codeigniter4/vendor/codeigniter4/framework/system/CodeIgniter.php(520): CodeIgniter\CodeIgniter->runController()
#8 /var/www/tickets-codeigniter4/vendor/codeigniter4/framework/system/CodeIgniter.php(363): CodeIgniter\CodeIgniter->handleRequest()
#9 /var/www/tickets-codeigniter4/vendor/codeigniter4/framework/system/Boot.php(417): CodeIgniter\CodeIgniter->run()
#10 /var/www/tickets-codeigniter4/vendor/codeigniter4/framework/system/Boot.php(68): CodeIgniter\Boot::runCodeIgniter()
#11 /var/www/tickets-codeigniter4/public/index.php(59): CodeIgniter\Boot::bootWeb()
#12 {main}
CRITICAL - 2026-09-21 19:39:03 --> CodeIgniter\Database\Exceptions\DatabaseException: Unable to connect to the database.
Main connection [SQLSRV]: [Microsoft][ODBC Driver 18 for SQL Server]SSL Provider: [error:0A000102:SSL routines::unsupported protocol] SQLSTATE: 08001, code: -1
[Microsoft][ODBC Driver 18 for SQL Server]Client unable to establish connection SQLSTATE: 08001, code: -1
[Method: GET, Route: api/subcategories/category/1]
in SYSTEMPATH/Database/BaseConnection.php on line 606.
 1 SYSTEMPATH/Database/BaseConnection.php(795): CodeIgniter\Database\BaseConnection->initialize()
 2 SYSTEMPATH/Database/SQLSRV/Builder.php(658): CodeIgniter\Database\BaseConnection->query()
 3 SYSTEMPATH/Model.php(255): CodeIgniter\Database\SQLSRV\Builder->get()
 4 SYSTEMPATH/BaseModel.php(676): CodeIgniter\Model->doFindAll()
 5 APPPATH/Controllers/Api/SubCategoryController.php(18): CodeIgniter\BaseModel->findAll()
 6 SYSTEMPATH/CodeIgniter.php(974): App\Controllers\Api\SubCategoryController->byCategory()
 7 SYSTEMPATH/CodeIgniter.php(520): CodeIgniter\CodeIgniter->runController()
 8 SYSTEMPATH/CodeIgniter.php(363): CodeIgniter\CodeIgniter->handleRequest()
 9 SYSTEMPATH/Boot.php(417): CodeIgniter\CodeIgniter->run()
10 SYSTEMPATH/Boot.php(68): CodeIgniter\Boot::runCodeIgniter()
11 FCPATH/index.php(59): CodeIgniter\Boot::bootWeb()
ERROR - 2026-09-21 19:39:05 --> Error connecting to the database: CodeIgniter\Database\Exceptions\DatabaseException: [Microsoft][ODBC Driver 18 for SQL Server]SSL Provider: [error:0A000102:SSL routines::unsupported protocol] SQLSTATE: 08001, code: -1
[Microsoft][ODBC Driver 18 for SQL Server]Client unable to establish connection SQLSTATE: 08001, code: -1 in /var/www/tickets-codeigniter4/vendor/codeigniter4/framework/system/Database/SQLSRV/Connection.php:145
Stack trace:
#0 /var/www/tickets-codeigniter4/vendor/codeigniter4/framework/system/Database/BaseConnection.php(555): CodeIgniter\Database\SQLSRV\Connection->connect()
#1 /var/www/tickets-codeigniter4/vendor/codeigniter4/framework/system/Database/BaseConnection.php(795): CodeIgniter\Database\BaseConnection->initialize()
#2 /var/www/tickets-codeigniter4/vendor/codeigniter4/framework/system/Database/SQLSRV/Builder.php(658): CodeIgniter\Database\BaseConnection->query()
#3 /var/www/tickets-codeigniter4/vendor/codeigniter4/framework/system/Model.php(255): CodeIgniter\Database\SQLSRV\Builder->get()
#4 /var/www/tickets-codeigniter4/vendor/codeigniter4/framework/system/BaseModel.php(676): CodeIgniter\Model->doFindAll()
#5 /var/www/tickets-codeigniter4/app/Controllers/Api/SubCategoryController.php(18): CodeIgniter\BaseModel->findAll()
#6 /var/www/tickets-codeigniter4/vendor/codeigniter4/framework/system/CodeIgniter.php(974): App\Controllers\Api\SubCategoryController->byCategory()
#7 /var/www/tickets-codeigniter4/vendor/codeigniter4/framework/system/CodeIgniter.php(520): CodeIgniter\CodeIgniter->runController()
#8 /var/www/tickets-codeigniter4/vendor/codeigniter4/framework/system/CodeIgniter.php(363): CodeIgniter\CodeIgniter->handleRequest()
#9 /var/www/tickets-codeigniter4/vendor/codeigniter4/framework/system/Boot.php(417): CodeIgniter\CodeIgniter->run()
#10 /var/www/tickets-codeigniter4/vendor/codeigniter4/framework/system/Boot.php(68): CodeIgniter\Boot::runCodeIgniter()
#11 /var/www/tickets-codeigniter4/public/index.php(59): CodeIgniter\Boot::bootWeb()
#12 {main}
CRITICAL - 2026-09-21 19:39:05 --> CodeIgniter\Database\Exceptions\DatabaseException: Unable to connect to the database.
Main connection [SQLSRV]: [Microsoft][ODBC Driver 18 for SQL Server]SSL Provider: [error:0A000102:SSL routines::unsupported protocol] SQLSTATE: 08001, code: -1
[Microsoft][ODBC Driver 18 for SQL Server]Client unable to establish connection SQLSTATE: 08001, code: -1
[Method: GET, Route: api/subcategories/category/1]
in SYSTEMPATH/Database/BaseConnection.php on line 606.
 1 SYSTEMPATH/Database/BaseConnection.php(795): CodeIgniter\Database\BaseConnection->initialize()
 2 SYSTEMPATH/Database/SQLSRV/Builder.php(658): CodeIgniter\Database\BaseConnection->query()
 3 SYSTEMPATH/Model.php(255): CodeIgniter\Database\SQLSRV\Builder->get()
 4 SYSTEMPATH/BaseModel.php(676): CodeIgniter\Model->doFindAll()
 5 APPPATH/Controllers/Api/SubCategoryController.php(18): CodeIgniter\BaseModel->findAll()
 6 SYSTEMPATH/CodeIgniter.php(974): App\Controllers\Api\SubCategoryController->byCategory()
 7 SYSTEMPATH/CodeIgniter.php(520): CodeIgniter\CodeIgniter->runController()
 8 SYSTEMPATH/CodeIgniter.php(363): CodeIgniter\CodeIgniter->handleRequest()
 9 SYSTEMPATH/Boot.php(417): CodeIgniter\CodeIgniter->run()
10 SYSTEMPATH/Boot.php(68): CodeIgniter\Boot::runCodeIgniter()
11 FCPATH/index.php(59): CodeIgniter\Boot::bootWeb()
ERROR - 2026-09-21 19:40:00 --> Error connecting to the database: CodeIgniter\Database\Exceptions\DatabaseException: [Microsoft][ODBC Driver 18 for SQL Server]SSL Provider: [error:0A000102:SSL routines::unsupported protocol] SQLSTATE: 08001, code: -1
[Microsoft][ODBC Driver 18 for SQL Server]Client unable to establish connection SQLSTATE: 08001, code: -1 in /var/www/tickets-codeigniter4/vendor/codeigniter4/framework/system/Database/SQLSRV/Connection.php:145
Stack trace:
#0 /var/www/tickets-codeigniter4/vendor/codeigniter4/framework/system/Database/BaseConnection.php(555): CodeIgniter\Database\SQLSRV\Connection->connect()
#1 /var/www/tickets-codeigniter4/vendor/codeigniter4/framework/system/Database/BaseConnection.php(795): CodeIgniter\Database\BaseConnection->initialize()
#2 /var/www/tickets-codeigniter4/vendor/codeigniter4/framework/system/Database/SQLSRV/Builder.php(658): CodeIgniter\Database\BaseConnection->query()
#3 /var/www/tickets-codeigniter4/vendor/codeigniter4/framework/system/Model.php(255): CodeIgniter\Database\SQLSRV\Builder->get()
#4 /var/www/tickets-codeigniter4/vendor/codeigniter4/framework/system/BaseModel.php(676): CodeIgniter\Model->doFindAll()
#5 /var/www/tickets-codeigniter4/app/Controllers/Api/SubCategoryController.php(18): CodeIgniter\BaseModel->findAll()
#6 /var/www/tickets-codeigniter4/vendor/codeigniter4/framework/system/CodeIgniter.php(974): App\Controllers\Api\SubCategoryController->byCategory()
#7 /var/www/tickets-codeigniter4/vendor/codeigniter4/framework/system/CodeIgniter.php(520): CodeIgniter\CodeIgniter->runController()
#8 /var/www/tickets-codeigniter4/vendor/codeigniter4/framework/system/CodeIgniter.php(363): CodeIgniter\CodeIgniter->handleRequest()
#9 /var/www/tickets-codeigniter4/vendor/codeigniter4/framework/system/Boot.php(417): CodeIgniter\CodeIgniter->run()
#10 /var/www/tickets-codeigniter4/vendor/codeigniter4/framework/system/Boot.php(68): CodeIgniter\Boot::runCodeIgniter()
#11 /var/www/tickets-codeigniter4/public/index.php(59): CodeIgniter\Boot::bootWeb()
#12 {main}
CRITICAL - 2026-09-21 19:40:00 --> CodeIgniter\Database\Exceptions\DatabaseException: Unable to connect to the database.
Main connection [SQLSRV]: [Microsoft][ODBC Driver 18 for SQL Server]SSL Provider: [error:0A000102:SSL routines::unsupported protocol] SQLSTATE: 08001, code: -1
[Microsoft][ODBC Driver 18 for SQL Server]Client unable to establish connection SQLSTATE: 08001, code: -1
[Method: GET, Route: api/subcategories/category/1]
in SYSTEMPATH/Database/BaseConnection.php on line 606.
 1 SYSTEMPATH/Database/BaseConnection.php(795): CodeIgniter\Database\BaseConnection->initialize()
 2 SYSTEMPATH/Database/SQLSRV/Builder.php(658): CodeIgniter\Database\BaseConnection->query()
 3 SYSTEMPATH/Model.php(255): CodeIgniter\Database\SQLSRV\Builder->get()
 4 SYSTEMPATH/BaseModel.php(676): CodeIgniter\Model->doFindAll()
 5 APPPATH/Controllers/Api/SubCategoryController.php(18): CodeIgniter\BaseModel->findAll()
 6 SYSTEMPATH/CodeIgniter.php(974): App\Controllers\Api\SubCategoryController->byCategory()
 7 SYSTEMPATH/CodeIgniter.php(520): CodeIgniter\CodeIgniter->runController()
 8 SYSTEMPATH/CodeIgniter.php(363): CodeIgniter\CodeIgniter->handleRequest()
 9 SYSTEMPATH/Boot.php(417): CodeIgniter\CodeIgniter->run()
10 SYSTEMPATH/Boot.php(68): CodeIgniter\Boot::runCodeIgniter()
11 FCPATH/index.php(59): CodeIgniter\Boot::bootWeb()
ERROR - 2026-09-21 19:41:00 --> Error connecting to the database: CodeIgniter\Database\Exceptions\DatabaseException: [Microsoft][ODBC Driver 18 for SQL Server]SSL Provider: [error:0A000102:SSL routines::unsupported protocol] SQLSTATE: 08001, code: -1
[Microsoft][ODBC Driver 18 for SQL Server]Client unable to establish connection SQLSTATE: 08001, code: -1 in /var/www/tickets-codeigniter4/vendor/codeigniter4/framework/system/Database/SQLSRV/Connection.php:145
Stack trace:
#0 /var/www/tickets-codeigniter4/vendor/codeigniter4/framework/system/Database/BaseConnection.php(555): CodeIgniter\Database\SQLSRV\Connection->connect()
#1 /var/www/tickets-codeigniter4/vendor/codeigniter4/framework/system/Database/BaseConnection.php(795): CodeIgniter\Database\BaseConnection->initialize()
#2 /var/www/tickets-codeigniter4/vendor/codeigniter4/framework/system/Database/SQLSRV/Builder.php(658): CodeIgniter\Database\BaseConnection->query()
#3 /var/www/tickets-codeigniter4/vendor/codeigniter4/framework/system/Model.php(255): CodeIgniter\Database\SQLSRV\Builder->get()
#4 /var/www/tickets-codeigniter4/vendor/codeigniter4/framework/system/BaseModel.php(676): CodeIgniter\Model->doFindAll()
#5 /var/www/tickets-codeigniter4/app/Controllers/Api/SubCategoryController.php(18): CodeIgniter\BaseModel->findAll()
#6 /var/www/tickets-codeigniter4/vendor/codeigniter4/framework/system/CodeIgniter.php(974): App\Controllers\Api\SubCategoryController->byCategory()
#7 /var/www/tickets-codeigniter4/vendor/codeigniter4/framework/system/CodeIgniter.php(520): CodeIgniter\CodeIgniter->runController()
#8 /var/www/tickets-codeigniter4/vendor/codeigniter4/framework/system/CodeIgniter.php(363): CodeIgniter\CodeIgniter->handleRequest()
#9 /var/www/tickets-codeigniter4/vendor/codeigniter4/framework/system/Boot.php(417): CodeIgniter\CodeIgniter->run()
#10 /var/www/tickets-codeigniter4/vendor/codeigniter4/framework/system/Boot.php(68): CodeIgniter\Boot::runCodeIgniter()
#11 /var/www/tickets-codeigniter4/public/index.php(59): CodeIgniter\Boot::bootWeb()
#12 {main}
CRITICAL - 2026-09-21 19:41:00 --> CodeIgniter\Database\Exceptions\DatabaseException: Unable to connect to the database.
Main connection [SQLSRV]: [Microsoft][ODBC Driver 18 for SQL Server]SSL Provider: [error:0A000102:SSL routines::unsupported protocol] SQLSTATE: 08001, code: -1
[Microsoft][ODBC Driver 18 for SQL Server]Client unable to establish connection SQLSTATE: 08001, code: -1
[Method: GET, Route: api/subcategories/category/1]
in SYSTEMPATH/Database/BaseConnection.php on line 606.
 1 SYSTEMPATH/Database/BaseConnection.php(795): CodeIgniter\Database\BaseConnection->initialize()
 2 SYSTEMPATH/Database/SQLSRV/Builder.php(658): CodeIgniter\Database\BaseConnection->query()
 3 SYSTEMPATH/Model.php(255): CodeIgniter\Database\SQLSRV\Builder->get()
 4 SYSTEMPATH/BaseModel.php(676): CodeIgniter\Model->doFindAll()
 5 APPPATH/Controllers/Api/SubCategoryController.php(18): CodeIgniter\BaseModel->findAll()
 6 SYSTEMPATH/CodeIgniter.php(974): App\Controllers\Api\SubCategoryController->byCategory()
 7 SYSTEMPATH/CodeIgniter.php(520): CodeIgniter\CodeIgniter->runController()
 8 SYSTEMPATH/CodeIgniter.php(363): CodeIgniter\CodeIgniter->handleRequest()
 9 SYSTEMPATH/Boot.php(417): CodeIgniter\CodeIgniter->run()
10 SYSTEMPATH/Boot.php(68): CodeIgniter\Boot::runCodeIgniter()
11 FCPATH/index.php(59): CodeIgniter\Boot::bootWeb()
ERROR - 2026-09-21 19:41:02 --> Error connecting to the database: CodeIgniter\Database\Exceptions\DatabaseException: [Microsoft][ODBC Driver 18 for SQL Server]SSL Provider: [error:0A000102:SSL routines::unsupported protocol] SQLSTATE: 08001, code: -1
[Microsoft][ODBC Driver 18 for SQL Server]Client unable to establish connection SQLSTATE: 08001, code: -1 in /var/www/tickets-codeigniter4/vendor/codeigniter4/framework/system/Database/SQLSRV/Connection.php:145
Stack trace:
#0 /var/www/tickets-codeigniter4/vendor/codeigniter4/framework/system/Database/BaseConnection.php(555): CodeIgniter\Database\SQLSRV\Connection->connect()
#1 /var/www/tickets-codeigniter4/vendor/codeigniter4/framework/system/Database/BaseConnection.php(795): CodeIgniter\Database\BaseConnection->initialize()
#2 /var/www/tickets-codeigniter4/vendor/codeigniter4/framework/system/Database/SQLSRV/Builder.php(658): CodeIgniter\Database\BaseConnection->query()
#3 /var/www/tickets-codeigniter4/vendor/codeigniter4/framework/system/Model.php(255): CodeIgniter\Database\SQLSRV\Builder->get()
#4 /var/www/tickets-codeigniter4/vendor/codeigniter4/framework/system/BaseModel.php(676): CodeIgniter\Model->doFindAll()
#5 /var/www/tickets-codeigniter4/app/Controllers/Api/SubCategoryController.php(18): CodeIgniter\BaseModel->findAll()
#6 /var/www/tickets-codeigniter4/vendor/codeigniter4/framework/system/CodeIgniter.php(974): App\Controllers\Api\SubCategoryController->byCategory()
#7 /var/www/tickets-codeigniter4/vendor/codeigniter4/framework/system/CodeIgniter.php(520): CodeIgniter\CodeIgniter->runController()
#8 /var/www/tickets-codeigniter4/vendor/codeigniter4/framework/system/CodeIgniter.php(363): CodeIgniter\CodeIgniter->handleRequest()
#9 /var/www/tickets-codeigniter4/vendor/codeigniter4/framework/system/Boot.php(417): CodeIgniter\CodeIgniter->run()
#10 /var/www/tickets-codeigniter4/vendor/codeigniter4/framework/system/Boot.php(68): CodeIgniter\Boot::runCodeIgniter()
#11 /var/www/tickets-codeigniter4/public/index.php(59): CodeIgniter\Boot::bootWeb()
#12 {main}
CRITICAL - 2026-09-21 19:41:02 --> CodeIgniter\Database\Exceptions\DatabaseException: Unable to connect to the database.
Main connection [SQLSRV]: [Microsoft][ODBC Driver 18 for SQL Server]SSL Provider: [error:0A000102:SSL routines::unsupported protocol] SQLSTATE: 08001, code: -1
[Microsoft][ODBC Driver 18 for SQL Server]Client unable to establish connection SQLSTATE: 08001, code: -1
[Method: GET, Route: api/subcategories/category/1]
in SYSTEMPATH/Database/BaseConnection.php on line 606.
 1 SYSTEMPATH/Database/BaseConnection.php(795): CodeIgniter\Database\BaseConnection->initialize()
 2 SYSTEMPATH/Database/SQLSRV/Builder.php(658): CodeIgniter\Database\BaseConnection->query()
 3 SYSTEMPATH/Model.php(255): CodeIgniter\Database\SQLSRV\Builder->get()
 4 SYSTEMPATH/BaseModel.php(676): CodeIgniter\Model->doFindAll()
 5 APPPATH/Controllers/Api/SubCategoryController.php(18): CodeIgniter\BaseModel->findAll()
 6 SYSTEMPATH/CodeIgniter.php(974): App\Controllers\Api\SubCategoryController->byCategory()
 7 SYSTEMPATH/CodeIgniter.php(520): CodeIgniter\CodeIgniter->runController()
 8 SYSTEMPATH/CodeIgniter.php(363): CodeIgniter\CodeIgniter->handleRequest()
 9 SYSTEMPATH/Boot.php(417): CodeIgniter\CodeIgniter->run()
10 SYSTEMPATH/Boot.php(68): CodeIgniter\Boot::runCodeIgniter()
11 FCPATH/index.php(59): CodeIgniter\Boot::bootWeb()
CRITICAL - 2026-09-21 19:52:28 --> ErrorException: Cannot redeclare Config\Database::$default
[Method: GET, Route: api/subcategories/category/1]
in APPPATH/Config/Database.php on line 109.
 1 [internal function]: CodeIgniter\Debug\Exceptions->shutdownHandler()
CRITICAL - 2026-09-21 19:53:30 --> ErrorException: Cannot redeclare Config\Database::$default
[Method: GET, Route: api/subcategories/category/1]
in APPPATH/Config/Database.php on line 109.
 1 [internal function]: CodeIgniter\Debug\Exceptions->shutdownHandler()
CRITICAL - 2026-09-21 19:53:36 --> ErrorException: Cannot redeclare Config\Database::$default
[Method: GET, Route: api/subcategories/category/1]
in APPPATH/Config/Database.php on line 109.
 1 [internal function]: CodeIgniter\Debug\Exceptions->shutdownHandler()
CRITICAL - 2026-09-21 19:53:51 --> ErrorException: Cannot redeclare Config\Database::$default
[Method: GET, Route: api/subcategories/category/1]
in APPPATH/Config/Database.php on line 109.
 1 [internal function]: CodeIgniter\Debug\Exceptions->shutdownHandler()
CRITICAL - 2026-09-21 19:53:54 --> ErrorException: Cannot redeclare Config\Database::$default
[Method: GET, Route: api/subcategories/category/1]
in APPPATH/Config/Database.php on line 109.
 1 [internal function]: CodeIgniter\Debug\Exceptions->shutdownHandler()
CRITICAL - 2026-09-21 19:54:40 --> ErrorException: Cannot redeclare Config\Database::$default
[Method: GET, Route: api/subcategories/category/1]
in APPPATH/Config/Database.php on line 109.
 1 [internal function]: CodeIgniter\Debug\Exceptions->shutdownHandler()
CRITICAL - 2026-09-21 19:55:22 --> CodeIgniter\Exceptions\InvalidArgumentException: "sqlsrv" is not a valid database connection group.
[Method: GET, Route: api/subcategories/category/1]
in SYSTEMPATH/Database/Config.php on line 70.
 1 SYSTEMPATH/Model.php(152): CodeIgniter\Database\Config::connect()
 2 SYSTEMPATH/Config/Factories.php(236): CodeIgniter\Model->__construct()
 3 SYSTEMPATH/Config/Factories.php(170): CodeIgniter\Config\Factories::createInstance()
 4 SYSTEMPATH/Common.php(851): CodeIgniter\Config\Factories::__callStatic()
 5 APPPATH/Controllers/Api/BaseApiController.php(28): model()
 6 APPPATH/Controllers/Api/SubCategoryController.php(16): App\Controllers\Api\BaseApiController->model()
 7 SYSTEMPATH/CodeIgniter.php(974): App\Controllers\Api\SubCategoryController->byCategory()
 8 SYSTEMPATH/CodeIgniter.php(520): CodeIgniter\CodeIgniter->runController()
 9 SYSTEMPATH/CodeIgniter.php(363): CodeIgniter\CodeIgniter->handleRequest()
10 SYSTEMPATH/Boot.php(417): CodeIgniter\CodeIgniter->run()
11 SYSTEMPATH/Boot.php(68): CodeIgniter\Boot::runCodeIgniter()
12 FCPATH/index.php(59): CodeIgniter\Boot::bootWeb()
ERROR - 2026-09-21 19:56:45 --> Error connecting to the database: CodeIgniter\Database\Exceptions\DatabaseException: [Microsoft][ODBC Driver 18 for SQL Server]SSL Provider: [error:0A000102:SSL routines::unsupported protocol] SQLSTATE: 08001, code: -1
[Microsoft][ODBC Driver 18 for SQL Server]Client unable to establish connection SQLSTATE: 08001, code: -1 in /var/www/tickets-codeigniter4/vendor/codeigniter4/framework/system/Database/SQLSRV/Connection.php:145
Stack trace:
#0 /var/www/tickets-codeigniter4/vendor/codeigniter4/framework/system/Database/BaseConnection.php(555): CodeIgniter\Database\SQLSRV\Connection->connect()
#1 /var/www/tickets-codeigniter4/vendor/codeigniter4/framework/system/Database/BaseConnection.php(795): CodeIgniter\Database\BaseConnection->initialize()
#2 /var/www/tickets-codeigniter4/vendor/codeigniter4/framework/system/Database/SQLSRV/Builder.php(658): CodeIgniter\Database\BaseConnection->query()
#3 /var/www/tickets-codeigniter4/vendor/codeigniter4/framework/system/Model.php(255): CodeIgniter\Database\SQLSRV\Builder->get()
#4 /var/www/tickets-codeigniter4/vendor/codeigniter4/framework/system/BaseModel.php(676): CodeIgniter\Model->doFindAll()
#5 /var/www/tickets-codeigniter4/app/Controllers/Api/SubCategoryController.php(18): CodeIgniter\BaseModel->findAll()
#6 /var/www/tickets-codeigniter4/vendor/codeigniter4/framework/system/CodeIgniter.php(974): App\Controllers\Api\SubCategoryController->byCategory()
#7 /var/www/tickets-codeigniter4/vendor/codeigniter4/framework/system/CodeIgniter.php(520): CodeIgniter\CodeIgniter->runController()
#8 /var/www/tickets-codeigniter4/vendor/codeigniter4/framework/system/CodeIgniter.php(363): CodeIgniter\CodeIgniter->handleRequest()
#9 /var/www/tickets-codeigniter4/vendor/codeigniter4/framework/system/Boot.php(417): CodeIgniter\CodeIgniter->run()
#10 /var/www/tickets-codeigniter4/vendor/codeigniter4/framework/system/Boot.php(68): CodeIgniter\Boot::runCodeIgniter()
#11 /var/www/tickets-codeigniter4/public/index.php(59): CodeIgniter\Boot::bootWeb()
#12 {main}
CRITICAL - 2026-09-21 19:56:45 --> CodeIgniter\Database\Exceptions\DatabaseException: Unable to connect to the database.
Main connection [SQLSRV]: [Microsoft][ODBC Driver 18 for SQL Server]SSL Provider: [error:0A000102:SSL routines::unsupported protocol] SQLSTATE: 08001, code: -1
[Microsoft][ODBC Driver 18 for SQL Server]Client unable to establish connection SQLSTATE: 08001, code: -1
[Method: GET, Route: api/subcategories/category/1]
in SYSTEMPATH/Database/BaseConnection.php on line 606.
 1 SYSTEMPATH/Database/BaseConnection.php(795): CodeIgniter\Database\BaseConnection->initialize()
 2 SYSTEMPATH/Database/SQLSRV/Builder.php(658): CodeIgniter\Database\BaseConnection->query()
 3 SYSTEMPATH/Model.php(255): CodeIgniter\Database\SQLSRV\Builder->get()
 4 SYSTEMPATH/BaseModel.php(676): CodeIgniter\Model->doFindAll()
 5 APPPATH/Controllers/Api/SubCategoryController.php(18): CodeIgniter\BaseModel->findAll()
 6 SYSTEMPATH/CodeIgniter.php(974): App\Controllers\Api\SubCategoryController->byCategory()
 7 SYSTEMPATH/CodeIgniter.php(520): CodeIgniter\CodeIgniter->runController()
 8 SYSTEMPATH/CodeIgniter.php(363): CodeIgniter\CodeIgniter->handleRequest()
 9 SYSTEMPATH/Boot.php(417): CodeIgniter\CodeIgniter->run()
10 SYSTEMPATH/Boot.php(68): CodeIgniter\Boot::runCodeIgniter()
11 FCPATH/index.php(59): CodeIgniter\Boot::bootWeb()
ERROR - 2026-09-21 19:56:48 --> Error connecting to the database: CodeIgniter\Database\Exceptions\DatabaseException: [Microsoft][ODBC Driver 18 for SQL Server]SSL Provider: [error:0A000102:SSL routines::unsupported protocol] SQLSTATE: 08001, code: -1
[Microsoft][ODBC Driver 18 for SQL Server]Client unable to establish connection SQLSTATE: 08001, code: -1 in /var/www/tickets-codeigniter4/vendor/codeigniter4/framework/system/Database/SQLSRV/Connection.php:145
Stack trace:
#0 /var/www/tickets-codeigniter4/vendor/codeigniter4/framework/system/Database/BaseConnection.php(555): CodeIgniter\Database\SQLSRV\Connection->connect()
#1 /var/www/tickets-codeigniter4/vendor/codeigniter4/framework/system/Database/BaseConnection.php(795): CodeIgniter\Database\BaseConnection->initialize()
#2 /var/www/tickets-codeigniter4/vendor/codeigniter4/framework/system/Database/SQLSRV/Builder.php(658): CodeIgniter\Database\BaseConnection->query()
#3 /var/www/tickets-codeigniter4/vendor/codeigniter4/framework/system/Model.php(255): CodeIgniter\Database\SQLSRV\Builder->get()
#4 /var/www/tickets-codeigniter4/vendor/codeigniter4/framework/system/BaseModel.php(676): CodeIgniter\Model->doFindAll()
#5 /var/www/tickets-codeigniter4/app/Controllers/Api/SubCategoryController.php(18): CodeIgniter\BaseModel->findAll()
#6 /var/www/tickets-codeigniter4/vendor/codeigniter4/framework/system/CodeIgniter.php(974): App\Controllers\Api\SubCategoryController->byCategory()
#7 /var/www/tickets-codeigniter4/vendor/codeigniter4/framework/system/CodeIgniter.php(520): CodeIgniter\CodeIgniter->runController()
#8 /var/www/tickets-codeigniter4/vendor/codeigniter4/framework/system/CodeIgniter.php(363): CodeIgniter\CodeIgniter->handleRequest()
#9 /var/www/tickets-codeigniter4/vendor/codeigniter4/framework/system/Boot.php(417): CodeIgniter\CodeIgniter->run()
#10 /var/www/tickets-codeigniter4/vendor/codeigniter4/framework/system/Boot.php(68): CodeIgniter\Boot::runCodeIgniter()
#11 /var/www/tickets-codeigniter4/public/index.php(59): CodeIgniter\Boot::bootWeb()
#12 {main}
CRITICAL - 2026-09-21 19:56:48 --> CodeIgniter\Database\Exceptions\DatabaseException: Unable to connect to the database.
Main connection [SQLSRV]: [Microsoft][ODBC Driver 18 for SQL Server]SSL Provider: [error:0A000102:SSL routines::unsupported protocol] SQLSTATE: 08001, code: -1
[Microsoft][ODBC Driver 18 for SQL Server]Client unable to establish connection SQLSTATE: 08001, code: -1
[Method: GET, Route: api/subcategories/category/1]
in SYSTEMPATH/Database/BaseConnection.php on line 606.
 1 SYSTEMPATH/Database/BaseConnection.php(795): CodeIgniter\Database\BaseConnection->initialize()
 2 SYSTEMPATH/Database/SQLSRV/Builder.php(658): CodeIgniter\Database\BaseConnection->query()
 3 SYSTEMPATH/Model.php(255): CodeIgniter\Database\SQLSRV\Builder->get()
 4 SYSTEMPATH/BaseModel.php(676): CodeIgniter\Model->doFindAll()
 5 APPPATH/Controllers/Api/SubCategoryController.php(18): CodeIgniter\BaseModel->findAll()
 6 SYSTEMPATH/CodeIgniter.php(974): App\Controllers\Api\SubCategoryController->byCategory()
 7 SYSTEMPATH/CodeIgniter.php(520): CodeIgniter\CodeIgniter->runController()
 8 SYSTEMPATH/CodeIgniter.php(363): CodeIgniter\CodeIgniter->handleRequest()
 9 SYSTEMPATH/Boot.php(417): CodeIgniter\CodeIgniter->run()
10 SYSTEMPATH/Boot.php(68): CodeIgniter\Boot::runCodeIgniter()
11 FCPATH/index.php(59): CodeIgniter\Boot::bootWeb()
ERROR - 2026-09-21 19:56:49 --> Error connecting to the database: CodeIgniter\Database\Exceptions\DatabaseException: [Microsoft][ODBC Driver 18 for SQL Server]Login timeout expired SQLSTATE: HYT00, code: 0
[Microsoft][ODBC Driver 18 for SQL Server]TCP Provider: Error code 0x102 SQLSTATE: 08001, code: 258
[Microsoft][ODBC Driver 18 for SQL Server]A network-related or instance-specific error has occurred while establishing a connection to 192.168.1.212, 1433. Server is not found or not accessible. Check if instance name is correct and if SQL Server is configured to allow remote connections. For more information see SQL Server Books Online. SQLSTATE: 08001, code: 258 in /var/www/tickets-codeigniter4/vendor/codeigniter4/framework/system/Database/SQLSRV/Connection.php:145
Stack trace:
#0 /var/www/tickets-codeigniter4/vendor/codeigniter4/framework/system/Database/BaseConnection.php(555): CodeIgniter\Database\SQLSRV\Connection->connect()
#1 /var/www/tickets-codeigniter4/vendor/codeigniter4/framework/system/Database/BaseConnection.php(795): CodeIgniter\Database\BaseConnection->initialize()
#2 /var/www/tickets-codeigniter4/vendor/codeigniter4/framework/system/Database/SQLSRV/Builder.php(658): CodeIgniter\Database\BaseConnection->query()
#3 /var/www/tickets-codeigniter4/vendor/codeigniter4/framework/system/Model.php(255): CodeIgniter\Database\SQLSRV\Builder->get()
#4 /var/www/tickets-codeigniter4/vendor/codeigniter4/framework/system/BaseModel.php(676): CodeIgniter\Model->doFindAll()
#5 /var/www/tickets-codeigniter4/app/Controllers/Api/SubCategoryController.php(18): CodeIgniter\BaseModel->findAll()
#6 /var/www/tickets-codeigniter4/vendor/codeigniter4/framework/system/CodeIgniter.php(974): App\Controllers\Api\SubCategoryController->byCategory()
#7 /var/www/tickets-codeigniter4/vendor/codeigniter4/framework/system/CodeIgniter.php(520): CodeIgniter\CodeIgniter->runController()
#8 /var/www/tickets-codeigniter4/vendor/codeigniter4/framework/system/CodeIgniter.php(363): CodeIgniter\CodeIgniter->handleRequest()
#9 /var/www/tickets-codeigniter4/vendor/codeigniter4/framework/system/Boot.php(417): CodeIgniter\CodeIgniter->run()
#10 /var/www/tickets-codeigniter4/vendor/codeigniter4/framework/system/Boot.php(68): CodeIgniter\Boot::runCodeIgniter()
#11 /var/www/tickets-codeigniter4/public/index.php(59): CodeIgniter\Boot::bootWeb()
#12 {main}
CRITICAL - 2026-09-21 19:56:49 --> CodeIgniter\Database\Exceptions\DatabaseException: Unable to connect to the database.
Main connection [SQLSRV]: [Microsoft][ODBC Driver 18 for SQL Server]Login timeout expired SQLSTATE: HYT00, code: 0
[Microsoft][ODBC Driver 18 for SQL Server]TCP Provider: Error code 0x102 SQLSTATE: 08001, code: 258
[Microsoft][ODBC Driver 18 for SQL Server]A network-related or instance-specific error has occurred while establishing a connection to 192.168.1.212, 1433. Server is not found or not accessible. Check if instance name is correct and if SQL Server is configured to allow remote connections. For more information see SQL Server Books Online. SQLSTATE: 08001, code: 258
[Method: GET, Route: api/subcategories/category/1]
in SYSTEMPATH/Database/BaseConnection.php on line 606.
 1 SYSTEMPATH/Database/BaseConnection.php(795): CodeIgniter\Database\BaseConnection->initialize()
 2 SYSTEMPATH/Database/SQLSRV/Builder.php(658): CodeIgniter\Database\BaseConnection->query()
 3 SYSTEMPATH/Model.php(255): CodeIgniter\Database\SQLSRV\Builder->get()
 4 SYSTEMPATH/BaseModel.php(676): CodeIgniter\Model->doFindAll()
 5 APPPATH/Controllers/Api/SubCategoryController.php(18): CodeIgniter\BaseModel->findAll()
 6 SYSTEMPATH/CodeIgniter.php(974): App\Controllers\Api\SubCategoryController->byCategory()
 7 SYSTEMPATH/CodeIgniter.php(520): CodeIgniter\CodeIgniter->runController()
 8 SYSTEMPATH/CodeIgniter.php(363): CodeIgniter\CodeIgniter->handleRequest()
 9 SYSTEMPATH/Boot.php(417): CodeIgniter\CodeIgniter->run()
10 SYSTEMPATH/Boot.php(68): CodeIgniter\Boot::runCodeIgniter()
11 FCPATH/index.php(59): CodeIgniter\Boot::bootWeb()
ERROR - 2026-09-21 19:57:37 --> Error connecting to the database: CodeIgniter\Database\Exceptions\DatabaseException: [Microsoft][ODBC Driver 18 for SQL Server]SSL Provider: [error:0A000102:SSL routines::unsupported protocol] SQLSTATE: 08001, code: -1
[Microsoft][ODBC Driver 18 for SQL Server]Client unable to establish connection SQLSTATE: 08001, code: -1 in /var/www/tickets-codeigniter4/vendor/codeigniter4/framework/system/Database/SQLSRV/Connection.php:145
Stack trace:
#0 /var/www/tickets-codeigniter4/vendor/codeigniter4/framework/system/Database/BaseConnection.php(555): CodeIgniter\Database\SQLSRV\Connection->connect()
#1 /var/www/tickets-codeigniter4/vendor/codeigniter4/framework/system/Database/BaseConnection.php(795): CodeIgniter\Database\BaseConnection->initialize()
#2 /var/www/tickets-codeigniter4/vendor/codeigniter4/framework/system/Database/SQLSRV/Builder.php(658): CodeIgniter\Database\BaseConnection->query()
#3 /var/www/tickets-codeigniter4/vendor/codeigniter4/framework/system/Model.php(255): CodeIgniter\Database\SQLSRV\Builder->get()
#4 /var/www/tickets-codeigniter4/vendor/codeigniter4/framework/system/BaseModel.php(676): CodeIgniter\Model->doFindAll()
#5 /var/www/tickets-codeigniter4/app/Controllers/Api/SubCategoryController.php(18): CodeIgniter\BaseModel->findAll()
#6 /var/www/tickets-codeigniter4/vendor/codeigniter4/framework/system/CodeIgniter.php(974): App\Controllers\Api\SubCategoryController->byCategory()
#7 /var/www/tickets-codeigniter4/vendor/codeigniter4/framework/system/CodeIgniter.php(520): CodeIgniter\CodeIgniter->runController()
#8 /var/www/tickets-codeigniter4/vendor/codeigniter4/framework/system/CodeIgniter.php(363): CodeIgniter\CodeIgniter->handleRequest()
#9 /var/www/tickets-codeigniter4/vendor/codeigniter4/framework/system/Boot.php(417): CodeIgniter\CodeIgniter->run()
#10 /var/www/tickets-codeigniter4/vendor/codeigniter4/framework/system/Boot.php(68): CodeIgniter\Boot::runCodeIgniter()
#11 /var/www/tickets-codeigniter4/public/index.php(59): CodeIgniter\Boot::bootWeb()
#12 {main}
CRITICAL - 2026-09-21 19:57:37 --> CodeIgniter\Database\Exceptions\DatabaseException: Unable to connect to the database.
Main connection [SQLSRV]: [Microsoft][ODBC Driver 18 for SQL Server]SSL Provider: [error:0A000102:SSL routines::unsupported protocol] SQLSTATE: 08001, code: -1
[Microsoft][ODBC Driver 18 for SQL Server]Client unable to establish connection SQLSTATE: 08001, code: -1
[Method: GET, Route: api/subcategories/category/1]
in SYSTEMPATH/Database/BaseConnection.php on line 606.
 1 SYSTEMPATH/Database/BaseConnection.php(795): CodeIgniter\Database\BaseConnection->initialize()
 2 SYSTEMPATH/Database/SQLSRV/Builder.php(658): CodeIgniter\Database\BaseConnection->query()
 3 SYSTEMPATH/Model.php(255): CodeIgniter\Database\SQLSRV\Builder->get()
 4 SYSTEMPATH/BaseModel.php(676): CodeIgniter\Model->doFindAll()
 5 APPPATH/Controllers/Api/SubCategoryController.php(18): CodeIgniter\BaseModel->findAll()
 6 SYSTEMPATH/CodeIgniter.php(974): App\Controllers\Api\SubCategoryController->byCategory()
 7 SYSTEMPATH/CodeIgniter.php(520): CodeIgniter\CodeIgniter->runController()
 8 SYSTEMPATH/CodeIgniter.php(363): CodeIgniter\CodeIgniter->handleRequest()
 9 SYSTEMPATH/Boot.php(417): CodeIgniter\CodeIgniter->run()
10 SYSTEMPATH/Boot.php(68): CodeIgniter\Boot::runCodeIgniter()
11 FCPATH/index.php(59): CodeIgniter\Boot::bootWeb()
ERROR - 2026-09-21 19:58:08 --> Error connecting to the database: CodeIgniter\Database\Exceptions\DatabaseException: [Microsoft][ODBC Driver 18 for SQL Server]SSL Provider: [error:0A000102:SSL routines::unsupported protocol] SQLSTATE: 08001, code: -1
[Microsoft][ODBC Driver 18 for SQL Server]Client unable to establish connection SQLSTATE: 08001, code: -1 in /var/www/tickets-codeigniter4/vendor/codeigniter4/framework/system/Database/SQLSRV/Connection.php:145
Stack trace:
#0 /var/www/tickets-codeigniter4/vendor/codeigniter4/framework/system/Database/BaseConnection.php(555): CodeIgniter\Database\SQLSRV\Connection->connect()
#1 /var/www/tickets-codeigniter4/vendor/codeigniter4/framework/system/Database/BaseConnection.php(795): CodeIgniter\Database\BaseConnection->initialize()
#2 /var/www/tickets-codeigniter4/vendor/codeigniter4/framework/system/Database/SQLSRV/Builder.php(658): CodeIgniter\Database\BaseConnection->query()
#3 /var/www/tickets-codeigniter4/vendor/codeigniter4/framework/system/Model.php(255): CodeIgniter\Database\SQLSRV\Builder->get()
#4 /var/www/tickets-codeigniter4/vendor/codeigniter4/framework/system/BaseModel.php(676): CodeIgniter\Model->doFindAll()
#5 /var/www/tickets-codeigniter4/app/Controllers/Api/SubCategoryController.php(18): CodeIgniter\BaseModel->findAll()
#6 /var/www/tickets-codeigniter4/vendor/codeigniter4/framework/system/CodeIgniter.php(974): App\Controllers\Api\SubCategoryController->byCategory()
#7 /var/www/tickets-codeigniter4/vendor/codeigniter4/framework/system/CodeIgniter.php(520): CodeIgniter\CodeIgniter->runController()
#8 /var/www/tickets-codeigniter4/vendor/codeigniter4/framework/system/CodeIgniter.php(363): CodeIgniter\CodeIgniter->handleRequest()
#9 /var/www/tickets-codeigniter4/vendor/codeigniter4/framework/system/Boot.php(417): CodeIgniter\CodeIgniter->run()
#10 /var/www/tickets-codeigniter4/vendor/codeigniter4/framework/system/Boot.php(68): CodeIgniter\Boot::runCodeIgniter()
#11 /var/www/tickets-codeigniter4/public/index.php(59): CodeIgniter\Boot::bootWeb()
#12 {main}
CRITICAL - 2026-09-21 19:58:08 --> CodeIgniter\Database\Exceptions\DatabaseException: Unable to connect to the database.
Main connection [SQLSRV]: [Microsoft][ODBC Driver 18 for SQL Server]SSL Provider: [error:0A000102:SSL routines::unsupported protocol] SQLSTATE: 08001, code: -1
[Microsoft][ODBC Driver 18 for SQL Server]Client unable to establish connection SQLSTATE: 08001, code: -1
[Method: GET, Route: api/subcategories/category/1]
in SYSTEMPATH/Database/BaseConnection.php on line 606.
 1 SYSTEMPATH/Database/BaseConnection.php(795): CodeIgniter\Database\BaseConnection->initialize()
 2 SYSTEMPATH/Database/SQLSRV/Builder.php(658): CodeIgniter\Database\BaseConnection->query()
 3 SYSTEMPATH/Model.php(255): CodeIgniter\Database\SQLSRV\Builder->get()
 4 SYSTEMPATH/BaseModel.php(676): CodeIgniter\Model->doFindAll()
 5 APPPATH/Controllers/Api/SubCategoryController.php(18): CodeIgniter\BaseModel->findAll()
 6 SYSTEMPATH/CodeIgniter.php(974): App\Controllers\Api\SubCategoryController->byCategory()
 7 SYSTEMPATH/CodeIgniter.php(520): CodeIgniter\CodeIgniter->runController()
 8 SYSTEMPATH/CodeIgniter.php(363): CodeIgniter\CodeIgniter->handleRequest()
 9 SYSTEMPATH/Boot.php(417): CodeIgniter\CodeIgniter->run()
10 SYSTEMPATH/Boot.php(68): CodeIgniter\Boot::runCodeIgniter()
11 FCPATH/index.php(59): CodeIgniter\Boot::bootWeb()
ERROR - 2026-09-21 20:23:09 --> Error connecting to the database: CodeIgniter\Database\Exceptions\DatabaseException: [Microsoft][ODBC Driver 18 for SQL Server]SSL Provider: [error:0A000102:SSL routines::unsupported protocol] SQLSTATE: 08001, code: -1
[Microsoft][ODBC Driver 18 for SQL Server]Client unable to establish connection SQLSTATE: 08001, code: -1 in /var/www/tickets-codeigniter4/vendor/codeigniter4/framework/system/Database/SQLSRV/Connection.php:145
Stack trace:
#0 /var/www/tickets-codeigniter4/vendor/codeigniter4/framework/system/Database/BaseConnection.php(555): CodeIgniter\Database\SQLSRV\Connection->connect()
#1 /var/www/tickets-codeigniter4/vendor/codeigniter4/framework/system/Database/BaseConnection.php(795): CodeIgniter\Database\BaseConnection->initialize()
#2 /var/www/tickets-codeigniter4/vendor/codeigniter4/framework/system/Database/SQLSRV/Builder.php(658): CodeIgniter\Database\BaseConnection->query()
#3 /var/www/tickets-codeigniter4/vendor/codeigniter4/framework/system/Model.php(255): CodeIgniter\Database\SQLSRV\Builder->get()
#4 /var/www/tickets-codeigniter4/vendor/codeigniter4/framework/system/BaseModel.php(676): CodeIgniter\Model->doFindAll()
#5 /var/www/tickets-codeigniter4/app/Controllers/Api/SubCategoryController.php(18): CodeIgniter\BaseModel->findAll()
#6 /var/www/tickets-codeigniter4/vendor/codeigniter4/framework/system/CodeIgniter.php(974): App\Controllers\Api\SubCategoryController->byCategory()
#7 /var/www/tickets-codeigniter4/vendor/codeigniter4/framework/system/CodeIgniter.php(520): CodeIgniter\CodeIgniter->runController()
#8 /var/www/tickets-codeigniter4/vendor/codeigniter4/framework/system/CodeIgniter.php(363): CodeIgniter\CodeIgniter->handleRequest()
#9 /var/www/tickets-codeigniter4/vendor/codeigniter4/framework/system/Boot.php(417): CodeIgniter\CodeIgniter->run()
#10 /var/www/tickets-codeigniter4/vendor/codeigniter4/framework/system/Boot.php(68): CodeIgniter\Boot::runCodeIgniter()
#11 /var/www/tickets-codeigniter4/public/index.php(59): CodeIgniter\Boot::bootWeb()
#12 {main}
CRITICAL - 2026-09-21 20:23:09 --> CodeIgniter\Database\Exceptions\DatabaseException: Unable to connect to the database.
Main connection [SQLSRV]: [Microsoft][ODBC Driver 18 for SQL Server]SSL Provider: [error:0A000102:SSL routines::unsupported protocol] SQLSTATE: 08001, code: -1
[Microsoft][ODBC Driver 18 for SQL Server]Client unable to establish connection SQLSTATE: 08001, code: -1
[Method: GET, Route: api/subcategories/category/1]
in SYSTEMPATH/Database/BaseConnection.php on line 606.
 1 SYSTEMPATH/Database/BaseConnection.php(795): CodeIgniter\Database\BaseConnection->initialize()
 2 SYSTEMPATH/Database/SQLSRV/Builder.php(658): CodeIgniter\Database\BaseConnection->query()
 3 SYSTEMPATH/Model.php(255): CodeIgniter\Database\SQLSRV\Builder->get()
 4 SYSTEMPATH/BaseModel.php(676): CodeIgniter\Model->doFindAll()
 5 APPPATH/Controllers/Api/SubCategoryController.php(18): CodeIgniter\BaseModel->findAll()
 6 SYSTEMPATH/CodeIgniter.php(974): App\Controllers\Api\SubCategoryController->byCategory()
 7 SYSTEMPATH/CodeIgniter.php(520): CodeIgniter\CodeIgniter->runController()
 8 SYSTEMPATH/CodeIgniter.php(363): CodeIgniter\CodeIgniter->handleRequest()
 9 SYSTEMPATH/Boot.php(417): CodeIgniter\CodeIgniter->run()
10 SYSTEMPATH/Boot.php(68): CodeIgniter\Boot::runCodeIgniter()
11 FCPATH/index.php(59): CodeIgniter\Boot::bootWeb()
ERROR - 2026-09-21 20:23:35 --> Error connecting to the database: CodeIgniter\Database\Exceptions\DatabaseException: [Microsoft][ODBC Driver 18 for SQL Server][SQL Server]Error de inicio de sesión del usuario 'copifam'. SQLSTATE: 28000, code: 18456 in /var/www/tickets-codeigniter4/vendor/codeigniter4/framework/system/Database/SQLSRV/Connection.php:145
Stack trace:
#0 /var/www/tickets-codeigniter4/vendor/codeigniter4/framework/system/Database/BaseConnection.php(555): CodeIgniter\Database\SQLSRV\Connection->connect()
#1 /var/www/tickets-codeigniter4/vendor/codeigniter4/framework/system/Database/BaseConnection.php(795): CodeIgniter\Database\BaseConnection->initialize()
#2 /var/www/tickets-codeigniter4/vendor/codeigniter4/framework/system/Database/SQLSRV/Builder.php(658): CodeIgniter\Database\BaseConnection->query()
#3 /var/www/tickets-codeigniter4/vendor/codeigniter4/framework/system/Model.php(255): CodeIgniter\Database\SQLSRV\Builder->get()
#4 /var/www/tickets-codeigniter4/vendor/codeigniter4/framework/system/BaseModel.php(676): CodeIgniter\Model->doFindAll()
#5 /var/www/tickets-codeigniter4/app/Controllers/Api/SubCategoryController.php(18): CodeIgniter\BaseModel->findAll()
#6 /var/www/tickets-codeigniter4/vendor/codeigniter4/framework/system/CodeIgniter.php(974): App\Controllers\Api\SubCategoryController->byCategory()
#7 /var/www/tickets-codeigniter4/vendor/codeigniter4/framework/system/CodeIgniter.php(520): CodeIgniter\CodeIgniter->runController()
#8 /var/www/tickets-codeigniter4/vendor/codeigniter4/framework/system/CodeIgniter.php(363): CodeIgniter\CodeIgniter->handleRequest()
#9 /var/www/tickets-codeigniter4/vendor/codeigniter4/framework/system/Boot.php(417): CodeIgniter\CodeIgniter->run()
#10 /var/www/tickets-codeigniter4/vendor/codeigniter4/framework/system/Boot.php(68): CodeIgniter\Boot::runCodeIgniter()
#11 /var/www/tickets-codeigniter4/public/index.php(59): CodeIgniter\Boot::bootWeb()
#12 {main}
CRITICAL - 2026-09-21 20:23:35 --> CodeIgniter\Database\Exceptions\DatabaseException: Unable to connect to the database.
Main connection [SQLSRV]: [Microsoft][ODBC Driver 18 for SQL Server][SQL Server]Error de inicio de sesión del usuario 'copifam'. SQLSTATE: 28000, code: 18456
[Method: GET, Route: api/subcategories/category/1]
in SYSTEMPATH/Database/BaseConnection.php on line 606.
 1 SYSTEMPATH/Database/BaseConnection.php(795): CodeIgniter\Database\BaseConnection->initialize()
 2 SYSTEMPATH/Database/SQLSRV/Builder.php(658): CodeIgniter\Database\BaseConnection->query()
 3 SYSTEMPATH/Model.php(255): CodeIgniter\Database\SQLSRV\Builder->get()
 4 SYSTEMPATH/BaseModel.php(676): CodeIgniter\Model->doFindAll()
 5 APPPATH/Controllers/Api/SubCategoryController.php(18): CodeIgniter\BaseModel->findAll()
 6 SYSTEMPATH/CodeIgniter.php(974): App\Controllers\Api\SubCategoryController->byCategory()
 7 SYSTEMPATH/CodeIgniter.php(520): CodeIgniter\CodeIgniter->runController()
 8 SYSTEMPATH/CodeIgniter.php(363): CodeIgniter\CodeIgniter->handleRequest()
 9 SYSTEMPATH/Boot.php(417): CodeIgniter\CodeIgniter->run()
10 SYSTEMPATH/Boot.php(68): CodeIgniter\Boot::runCodeIgniter()
11 FCPATH/index.php(59): CodeIgniter\Boot::bootWeb()
ERROR - 2026-09-21 20:26:07 --> Error connecting to the database: CodeIgniter\Database\Exceptions\DatabaseException: [Microsoft][ODBC Driver 18 for SQL Server][SQL Server]Error de inicio de sesión del usuario 'copifam'. SQLSTATE: 28000, code: 18456 in /var/www/tickets-codeigniter4/vendor/codeigniter4/framework/system/Database/SQLSRV/Connection.php:145
Stack trace:
#0 /var/www/tickets-codeigniter4/vendor/codeigniter4/framework/system/Database/BaseConnection.php(555): CodeIgniter\Database\SQLSRV\Connection->connect()
#1 /var/www/tickets-codeigniter4/vendor/codeigniter4/framework/system/Database/BaseConnection.php(795): CodeIgniter\Database\BaseConnection->initialize()
#2 /var/www/tickets-codeigniter4/vendor/codeigniter4/framework/system/Database/SQLSRV/Builder.php(658): CodeIgniter\Database\BaseConnection->query()
#3 /var/www/tickets-codeigniter4/vendor/codeigniter4/framework/system/Model.php(255): CodeIgniter\Database\SQLSRV\Builder->get()
#4 /var/www/tickets-codeigniter4/vendor/codeigniter4/framework/system/BaseModel.php(676): CodeIgniter\Model->doFindAll()
#5 /var/www/tickets-codeigniter4/app/Controllers/Api/SubCategoryController.php(18): CodeIgniter\BaseModel->findAll()
#6 /var/www/tickets-codeigniter4/vendor/codeigniter4/framework/system/CodeIgniter.php(974): App\Controllers\Api\SubCategoryController->byCategory()
#7 /var/www/tickets-codeigniter4/vendor/codeigniter4/framework/system/CodeIgniter.php(520): CodeIgniter\CodeIgniter->runController()
#8 /var/www/tickets-codeigniter4/vendor/codeigniter4/framework/system/CodeIgniter.php(363): CodeIgniter\CodeIgniter->handleRequest()
#9 /var/www/tickets-codeigniter4/vendor/codeigniter4/framework/system/Boot.php(417): CodeIgniter\CodeIgniter->run()
#10 /var/www/tickets-codeigniter4/vendor/codeigniter4/framework/system/Boot.php(68): CodeIgniter\Boot::runCodeIgniter()
#11 /var/www/tickets-codeigniter4/public/index.php(59): CodeIgniter\Boot::bootWeb()
#12 {main}
CRITICAL - 2026-09-21 20:26:07 --> CodeIgniter\Database\Exceptions\DatabaseException: Unable to connect to the database.
Main connection [SQLSRV]: [Microsoft][ODBC Driver 18 for SQL Server][SQL Server]Error de inicio de sesión del usuario 'copifam'. SQLSTATE: 28000, code: 18456
[Method: GET, Route: api/subcategories/category/1]
in SYSTEMPATH/Database/BaseConnection.php on line 606.
 1 SYSTEMPATH/Database/BaseConnection.php(795): CodeIgniter\Database\BaseConnection->initialize()
 2 SYSTEMPATH/Database/SQLSRV/Builder.php(658): CodeIgniter\Database\BaseConnection->query()
 3 SYSTEMPATH/Model.php(255): CodeIgniter\Database\SQLSRV\Builder->get()
 4 SYSTEMPATH/BaseModel.php(676): CodeIgniter\Model->doFindAll()
 5 APPPATH/Controllers/Api/SubCategoryController.php(18): CodeIgniter\BaseModel->findAll()
 6 SYSTEMPATH/CodeIgniter.php(974): App\Controllers\Api\SubCategoryController->byCategory()
 7 SYSTEMPATH/CodeIgniter.php(520): CodeIgniter\CodeIgniter->runController()
 8 SYSTEMPATH/CodeIgniter.php(363): CodeIgniter\CodeIgniter->handleRequest()
 9 SYSTEMPATH/Boot.php(417): CodeIgniter\CodeIgniter->run()
10 SYSTEMPATH/Boot.php(68): CodeIgniter\Boot::runCodeIgniter()
11 FCPATH/index.php(59): CodeIgniter\Boot::bootWeb()
CRITICAL - 2026-09-21 20:49:13 --> CodeIgniter\Database\Exceptions\DataException: There is no data to insert.
[Method: POST, Route: api/branches]
in SYSTEMPATH/BaseModel.php on line 1876.
 1 SYSTEMPATH/BaseModel.php(1876): CodeIgniter\Database\Exceptions\DataException::forEmptyDataset()
 2 SYSTEMPATH/BaseModel.php(865): CodeIgniter\BaseModel->transformDataToArray()
 3 SYSTEMPATH/Model.php(670): CodeIgniter\BaseModel->insert()
 4 APPPATH/Controllers/Api/BranchController.php(42): CodeIgniter\Model->insert()
 5 SYSTEMPATH/CodeIgniter.php(974): App\Controllers\Api\BranchController->create()
 6 SYSTEMPATH/CodeIgniter.php(520): CodeIgniter\CodeIgniter->runController()
 7 SYSTEMPATH/CodeIgniter.php(363): CodeIgniter\CodeIgniter->handleRequest()
 8 SYSTEMPATH/Boot.php(417): CodeIgniter\CodeIgniter->run()
 9 SYSTEMPATH/Boot.php(68): CodeIgniter\Boot::runCodeIgniter()
10 FCPATH/index.php(59): CodeIgniter\Boot::bootWeb()
CRITICAL - 2026-09-21 20:50:48 --> CodeIgniter\HTTP\Exceptions\HTTPException: Failed to parse JSON string. Error: Syntax error
[Method: POST, Route: api/branches]
in SYSTEMPATH/HTTP/IncomingRequest.php on line 410.
 1 SYSTEMPATH/HTTP/IncomingRequest.php(410): CodeIgniter\HTTP\Exceptions\HTTPException::forInvalidJSON()
 2 APPPATH/Controllers/Api/BaseApiController.php(116): CodeIgniter\HTTP\IncomingRequest->getJSON()
 3 APPPATH/Controllers/Api/BranchController.php(40): App\Controllers\Api\BaseApiController->getPayload()
 4 SYSTEMPATH/CodeIgniter.php(974): App\Controllers\Api\BranchController->create()
 5 SYSTEMPATH/CodeIgniter.php(520): CodeIgniter\CodeIgniter->runController()
 6 SYSTEMPATH/CodeIgniter.php(363): CodeIgniter\CodeIgniter->handleRequest()
 7 SYSTEMPATH/Boot.php(417): CodeIgniter\CodeIgniter->run()
 8 SYSTEMPATH/Boot.php(68): CodeIgniter\Boot::runCodeIgniter()
 9 FCPATH/index.php(59): CodeIgniter\Boot::bootWeb()
CRITICAL - 2026-09-21 20:53:40 --> CodeIgniter\HTTP\Exceptions\HTTPException: Failed to parse JSON string. Error: Syntax error
[Method: POST, Route: api/branches]
in SYSTEMPATH/HTTP/IncomingRequest.php on line 410.
 1 SYSTEMPATH/HTTP/IncomingRequest.php(410): CodeIgniter\HTTP\Exceptions\HTTPException::forInvalidJSON()
 2 APPPATH/Controllers/Api/BaseApiController.php(116): CodeIgniter\HTTP\IncomingRequest->getJSON()
 3 APPPATH/Controllers/Api/BranchController.php(40): App\Controllers\Api\BaseApiController->getPayload()
 4 SYSTEMPATH/CodeIgniter.php(974): App\Controllers\Api\BranchController->create()
 5 SYSTEMPATH/CodeIgniter.php(520): CodeIgniter\CodeIgniter->runController()
 6 SYSTEMPATH/CodeIgniter.php(363): CodeIgniter\CodeIgniter->handleRequest()
 7 SYSTEMPATH/Boot.php(417): CodeIgniter\CodeIgniter->run()
 8 SYSTEMPATH/Boot.php(68): CodeIgniter\Boot::runCodeIgniter()
 9 FCPATH/index.php(59): CodeIgniter\Boot::bootWeb()
