CRITICAL - 2026-09-23 18:43:52 --> ErrorException: Trying to access array offset on value of type null
[Method: POST, Route: login]
in APPPATH/Controllers/Panel/Auth.php on line 38.
 1 APPPATH/Controllers/Panel/Auth.php(38): CodeIgniter\Debug\Exceptions->errorHandler()
 2 SYSTEMPATH/CodeIgniter.php(974): App\Controllers\Panel\Auth->attempt()
 3 SYSTEMPATH/CodeIgniter.php(520): CodeIgniter\CodeIgniter->runController()
 4 SYSTEMPATH/CodeIgniter.php(363): CodeIgniter\CodeIgniter->handleRequest()
 5 SYSTEMPATH/Boot.php(417): CodeIgniter\CodeIgniter->run()
 6 SYSTEMPATH/Boot.php(68): CodeIgniter\Boot::runCodeIgniter()
 7 FCPATH/index.php(59): CodeIgniter\Boot::bootWeb()
CRITICAL - 2026-09-23 18:45:45 --> Error: Call to a member function getResult() on null
[Method: POST, Route: login]
in APPPATH/Controllers/Panel/Auth.php on line 41.
 1 SYSTEMPATH/CodeIgniter.php(974): App\Controllers\Panel\Auth->attempt()
 2 SYSTEMPATH/CodeIgniter.php(520): CodeIgniter\CodeIgniter->runController()
 3 SYSTEMPATH/CodeIgniter.php(363): CodeIgniter\CodeIgniter->handleRequest()
 4 SYSTEMPATH/Boot.php(417): CodeIgniter\CodeIgniter->run()
 5 SYSTEMPATH/Boot.php(68): CodeIgniter\Boot::runCodeIgniter()
 6 FCPATH/index.php(59): CodeIgniter\Boot::bootWeb()
CRITICAL - 2026-09-23 18:45:54 --> Error: Call to a member function get() on null
[Method: POST, Route: login]
in APPPATH/Controllers/Panel/Auth.php on line 41.
 1 SYSTEMPATH/CodeIgniter.php(974): App\Controllers\Panel\Auth->attempt()
 2 SYSTEMPATH/CodeIgniter.php(520): CodeIgniter\CodeIgniter->runController()
 3 SYSTEMPATH/CodeIgniter.php(363): CodeIgniter\CodeIgniter->handleRequest()
 4 SYSTEMPATH/Boot.php(417): CodeIgniter\CodeIgniter->run()
 5 SYSTEMPATH/Boot.php(68): CodeIgniter\Boot::runCodeIgniter()
 6 FCPATH/index.php(59): CodeIgniter\Boot::bootWeb()
CRITICAL - 2026-09-23 18:46:08 --> Error: Call to a member function get() on null
[Method: POST, Route: login]
in APPPATH/Controllers/Panel/Auth.php on line 41.
 1 SYSTEMPATH/CodeIgniter.php(974): App\Controllers\Panel\Auth->attempt()
 2 SYSTEMPATH/CodeIgniter.php(520): CodeIgniter\CodeIgniter->runController()
 3 SYSTEMPATH/CodeIgniter.php(363): CodeIgniter\CodeIgniter->handleRequest()
 4 SYSTEMPATH/Boot.php(417): CodeIgniter\CodeIgniter->run()
 5 SYSTEMPATH/Boot.php(68): CodeIgniter\Boot::runCodeIgniter()
 6 FCPATH/index.php(59): CodeIgniter\Boot::bootWeb()
CRITICAL - 2026-09-23 18:46:18 --> Error: Call to a member function get() on null
[Method: POST, Route: login]
in APPPATH/Controllers/Panel/Auth.php on line 41.
 1 SYSTEMPATH/CodeIgniter.php(974): App\Controllers\Panel\Auth->attempt()
 2 SYSTEMPATH/CodeIgniter.php(520): CodeIgniter\CodeIgniter->runController()
 3 SYSTEMPATH/CodeIgniter.php(363): CodeIgniter\CodeIgniter->handleRequest()
 4 SYSTEMPATH/Boot.php(417): CodeIgniter\CodeIgniter->run()
 5 SYSTEMPATH/Boot.php(68): CodeIgniter\Boot::runCodeIgniter()
 6 FCPATH/index.php(59): CodeIgniter\Boot::bootWeb()
CRITICAL - 2026-09-23 18:47:06 --> Error: Call to a member function get() on null
[Method: POST, Route: login]
in APPPATH/Controllers/Panel/Auth.php on line 42.
 1 SYSTEMPATH/CodeIgniter.php(974): App\Controllers\Panel\Auth->attempt()
 2 SYSTEMPATH/CodeIgniter.php(520): CodeIgniter\CodeIgniter->runController()
 3 SYSTEMPATH/CodeIgniter.php(363): CodeIgniter\CodeIgniter->handleRequest()
 4 SYSTEMPATH/Boot.php(417): CodeIgniter\CodeIgniter->run()
 5 SYSTEMPATH/Boot.php(68): CodeIgniter\Boot::runCodeIgniter()
 6 FCPATH/index.php(59): CodeIgniter\Boot::bootWeb()
